2026-07-14 17:48:00.970 [info] Reading sessions from keychain...
2026-07-14 17:48:00.970 [info] Reading sessions from keychain...
2026-07-14 17:48:00.970 [info] Getting sessions for all scopes...
2026-07-14 17:48:00.970 [info] Got 0 sessions for ...
2026-07-14 17:48:00.970 [info] Getting sessions for all scopes...
2026-07-14 17:48:00.970 [info] Got 0 sessions for ...
2026-07-14 17:48:00.970 [info] Getting sessions for all scopes...
2026-07-14 17:48:00.970 [info] Got 0 sessions for ...
2026-07-14 17:48:00.970 [info] Getting sessions for all scopes...
2026-07-14 17:48:00.970 [info] Got 0 sessions for ...
2026-07-14 17:48:01.073 [info] Getting sessions for all scopes...
2026-07-14 17:48:01.073 [info] Got 0 sessions for ...
2026-07-14 17:48:02.172 [info] Logging in with 'any' account...
2026-07-14 17:48:02.172 [info] Logging in for the following scopes: read:user repo user:email workflow
2026-07-14 17:48:02.348 [info] Trying with local server... (read:user repo user:email workflow)
2026-07-14 17:48:10.621 [info] Exchanging code for token...
2026-07-14 17:48:11.576 [info] Token exchange success!
2026-07-14 17:48:11.593 [info] Getting user info...
2026-07-14 17:48:12.537 [info] Got account info!
2026-07-14 17:48:12.539 [info] Storing 1 sessions...
2026-07-14 17:48:12.548 [info] Reading sessions from keychain...
2026-07-14 17:48:12.548 [info] Stored 1 sessions!
2026-07-14 17:48:12.550 [info] Login success!
2026-07-14 17:48:12.597 [info] Got stored sessions!
2026-07-14 17:48:12.597 [info] Got 1 verified sessions.
2026-07-14 17:48:12.658 [info] Getting sessions for all scopes...
2026-07-14 17:48:12.658 [info] Got 1 sessions for ...
2026-07-14 17:48:12.660 [info] Getting sessions for all scopes...
2026-07-14 17:48:12.662 [info] Got 1 sessions for ...
2026-07-14 17:48:13.792 [info] FetcherService: Node fetch failed with status: 429 Too Many Requests
2026-07-14 17:48:13.792 [info] Unable to resolve optional EDU details. Status: 429 Too Many Requests
2026-07-14 17:48:24.859 [info] Getting sessions for all scopes...
2026-07-14 17:48:24.859 [info] Got 1 sessions for ...
2026-07-14 17:48:24.992 [info] Getting sessions for all scopes...
2026-07-14 17:48:24.992 [info] Got 1 sessions for ...
2026-07-14 17:48:25.360 [info] Getting sessions for all scopes...
2026-07-14 17:48:25.360 [info] Got 1 sessions for ...
2026-07-14 17:48:25.360 [info] Getting sessions for all scopes...
2026-07-14 17:48:25.360 [info] Got 1 sessions for ...
2026-07-14 17:48:25.583 [info] Getting sessions for read:user,repo,user:email,workflow...
2026-07-14 17:48:25.583 [info] Got 1 sessions for read:user,repo,user:email,workflow...
2026-07-14 17:48:26.631 [info] Getting sessions for all scopes...
2026-07-14 17:48:26.631 [info] Got 1 sessions for ...
2026-07-14 17:48:26.631 [info] Getting sessions for all scopes...
2026-07-14 17:48:26.631 [info] Got 1 sessions for ...
2026-07-14 17:48:26.632 [info] Getting sessions for all scopes...
2026-07-14 17:48:26.632 [info] Got 1 sessions for ...
2026-07-14 17:48:26.686 [info] Getting sessions for read:user,repo,user:email,workflow...
2026-07-14 17:48:26.686 [info] Got 1 sessions for read:user,repo,user:email,workflow...
2026-07-14 17:48:28.898 [info] Getting sessions for all scopes...
2026-07-14 17:48:28.898 [info] Got 1 sessions for ...
2026-07-14 17:48:28.898 [info] Getting sessions for all scopes...
2026-07-14 17:48:28.898 [info] Got 1 sessions for ...
2026-07-14 17:48:28.903 [info] Getting sessions for read:user,repo,user:email,workflow...
2026-07-14 17:48:28.903 [info] Got 1 sessions for read:user,repo,user:email,workflow...
2026-07-14 17:48:29.143 [info] Getting sessions for all scopes...
2026-07-14 17:48:29.143 [info] Got 1 sessions for ...
2026-07-14 17:48:29.159 [info] Getting sessions for all scopes...
2026-07-14 17:48:29.159 [info] Got 1 sessions for ...
2026-07-14 17:48:29.206 [info] Getting sessions for read:user,repo,user:email,workflow...
2026-07-14 17:48:29.206 [info] Got 1 sessions for read:user,repo,user:email,workflow...
2026-07-14 17:48:29.222 [info] Getting sessions for all scopes...
2026-07-14 17:48:29.223 [info] Got 1 sessions for ...
2026-07-14 17:48:29.228 [info] Getting sessions for all scopes...
2026-07-14 17:48:29.228 [info] Got 1 sessions for ...
2026-07-14 17:48:29.540 [info] Getting sessions for all scopes...
2026-07-14 17:48:29.541 [info] Got 1 sessions for ...
2026-07-14 17:48:29.543 [info] Getting sessions for read:user,repo,user:email,workflow...
2026-07-14 17:48:29.543 [info] Got 1 sessions for read:user,repo,user:email,workflow...
2026-07-14 17:48:29.915 [info] Getting sessions for all scopes...
2026-07-14 17:48:29.915 [info] Got 1 sessions for ...
2026-07-14 17:48:29.920 [info] Getting sessions for read:user,repo,user:email,workflow...
2026-07-14 17:48:29.920 [info] Got 1 sessions for read:user,repo,user:email,workflow...
2026-07-14 17:48:30.718 [info] Getting sessions for all scopes...
2026-07-14 17:48:30.718 [info] Got 1 sessions for ...
2026-07-14 17:48:30.720 [info] Getting sessions for read:user,repo,user:email,workflow...
2026-07-14 17:48:30.720 [info] Got 1 sessions for read:user,repo,user:email,workflow...
2026-07-14 17:49:05.224 [info] Getting sessions for all scopes...
2026-07-14 17:49:05.224 [info] Got 1 sessions for ...
2026-07-14 17:49:05.231 [info] Getting sessions for all scopes...
2026-07-14 17:49:05.231 [info] Got 1 sessions for ...
2026-07-14 17:49:42.491 [info] Getting sessions for all scopes...
2026-07-14 17:49:42.491 [info] Got 1 sessions for ...
2026-07-14 17:49:42.493 [info] Getting sessions for all scopes...
2026-07-14 17:49:42.493 [info] Got 1 sessions for ...
2026-07-14 17:49:48.519 [info] Getting sessions for repo,user...
2026-07-14 17:49:48.520 [info] Got 0 sessions for repo,user...
2026-07-14 17:50:53.384 [info] Getting sessions for repo,user...
2026-07-14 17:50:53.384 [info] Got 0 sessions for repo,user...
2026-07-14 17:50:55.242 [info] Logging in with 'any' account...
2026-07-14 17:50:55.242 [info] Logging in for the following scopes: repo user
2026-07-14 17:50:55.243 [info] Trying with local server... (repo user)
2026-07-14 17:52:10.246 [info] Exchanging code for token...
2026-07-14 17:52:11.633 [info] Token exchange success!
2026-07-14 17:52:11.641 [info] Getting user info...
2026-07-14 17:52:13.016 [info] Got account info!
2026-07-14 17:52:13.017 [info] Storing 2 sessions...
2026-07-14 17:52:13.021 [info] Reading sessions from keychain...
2026-07-14 17:52:13.021 [info] Stored 2 sessions!
2026-07-14 17:52:13.021 [info] Login success!
2026-07-14 17:52:13.023 [info] Getting sessions for all scopes...
2026-07-14 17:52:13.032 [info] Got stored sessions!
2026-07-14 17:52:13.032 [info] Got 2 verified sessions.
2026-07-14 17:52:13.032 [info] Got 2 sessions for ...
2026-07-14 17:52:13.047 [info] Getting sessions for all scopes...
2026-07-14 17:52:13.047 [info] Got 2 sessions for ...
2026-07-14 17:52:13.048 [info] Getting sessions for all scopes...
2026-07-14 17:52:13.048 [info] Got 2 sessions for ...
2026-07-14 17:52:13.049 [info] Getting sessions for all scopes...
2026-07-14 17:52:13.049 [info] Got 2 sessions for ...
2026-07-14 17:52:13.053 [info] Getting sessions for read:user,repo,user:email,workflow...
2026-07-14 17:52:13.053 [info] Got 1 sessions for read:user,repo,user:email,workflow...
2026-07-14 17:52:13.140 [info] Getting sessions for all scopes...
2026-07-14 17:52:13.140 [info] Got 2 sessions for ...
2026-07-14 17:52:13.141 [info] Getting sessions for all scopes...
2026-07-14 17:52:13.141 [info] Got 2 sessions for ...
2026-07-14 17:52:21.415 [info] Getting sessions for all scopes...
2026-07-14 17:52:21.415 [info] Got 2 sessions for ...
2026-07-14 17:52:21.416 [info] Getting sessions for all scopes...
2026-07-14 17:52:21.416 [info] Got 2 sessions for ...
